// Jest Snapshot v1, https://jestjs.io/docs/snapshot-testing

exports[`RootProviders Should match snapshot 1`] = `
<DocumentFragment>
  <div
    data-attribute="class"
    data-default-theme="light"
    data-enable-system="false"
    data-testid="mock-theme-provider"
    data-themes="["light","dark"]"
  >
    <div>
      Snapshot Test
    </div>
  </div>
</DocumentFragment>
`;
