// Jest Snapshot v1, https://jestjs.io/docs/snapshot-testing

exports[`Pagination Should match snapshot 1`] = `
<DocumentFragment>
  <nav
    aria-label="Pagination Navigation"
    class="pagination flex flex-row items-center gap-1"
  >
    <button
      aria-label="Go to previous page"
      class="rounded focus-visible-ring inline-flex items-center justify-center gap-2 transition-colors duration-300 cursor-pointer font-medium disabled:cursor-not-allowed hover:bg-gray-100 text-zinc-600 dark:hover:bg-zinc-800 dark:hover:text-white p-2 text-base aspect-square min-h-8"
    >
      <svg
        aria-hidden="true"
        class="lucide lucide-chevron-left"
        fill="none"
        height="20"
        stroke="currentColor"
        stroke-linecap="round"
        stroke-linejoin="round"
        stroke-width="2"
        viewBox="0 0 24 24"
        width="20"
        xmlns="http://www.w3.org/2000/svg"
      >
        <path
          d="m15 18-6-6 6-6"
        />
      </svg>
    </button>
    <button
      aria-label="Go to page 1"
      class="rounded focus-visible-ring inline-flex items-center justify-center gap-2 transition-colors duration-300 cursor-pointer font-medium disabled:cursor-not-allowed hover:bg-gray-100 text-zinc-600 dark:hover:bg-zinc-800 dark:hover:text-white p-2 aspect-square min-h-8 text-xs"
      data-testid="page"
    >
      1
    </button>
    <button
      aria-label="Go to page 2"
      class="rounded focus-visible-ring inline-flex items-center justify-center gap-2 transition-colors duration-300 cursor-pointer font-medium disabled:cursor-not-allowed hover:bg-gray-100 text-zinc-600 dark:hover:bg-zinc-800 dark:hover:text-white p-2 aspect-square min-h-8 text-xs"
      data-testid="page"
    >
      2
    </button>
    <button
      aria-current="page"
      aria-label="Go to page 3"
      class="rounded focus-visible-ring inline-flex items-center justify-center gap-2 transition-colors duration-300 cursor-pointer font-medium disabled:cursor-not-allowed border border-gray-300 bg-gray-50 hover:bg-gray-100 hover:text-accent-foreground dark:border-zinc-700 dark:bg-zinc-800 dark:text-white dark:hover:bg-zinc-700 dark:hover:text-white p-2 aspect-square min-h-8 text-xs"
      data-testid="page"
    >
      3
    </button>
    <button
      aria-label="Go to next page"
      class="rounded focus-visible-ring inline-flex items-center justify-center gap-2 transition-colors duration-300 cursor-pointer font-medium disabled:cursor-not-allowed hover:bg-gray-100 text-zinc-600 dark:hover:bg-zinc-800 dark:hover:text-white p-2 text-base aspect-square min-h-8"
      disabled=""
    >
      <svg
        aria-hidden="true"
        class="lucide lucide-chevron-right"
        fill="none"
        height="20"
        stroke="currentColor"
        stroke-linecap="round"
        stroke-linejoin="round"
        stroke-width="2"
        viewBox="0 0 24 24"
        width="20"
        xmlns="http://www.w3.org/2000/svg"
      >
        <path
          d="m9 18 6-6-6-6"
        />
      </svg>
    </button>
  </nav>
</DocumentFragment>
`;
