// Jest Snapshot v1, https://jestjs.io/docs/snapshot-testing

exports[`PasswordInput Should match the snapshot 1`] = `
<DocumentFragment>
  <div
    class="relative flex items-center"
  >
    <input
      class="flex h-9 w-full rounded-sm bg-transparent px-3 py-1 text-base shadow-sm transition-colors placeholder:text-muted-foreground disabled:cursor-not-allowed disabled:opacity-50 md:text-sm focus-visible:outline-none focus-visible:ring-1 focus-visible:ring-sapphire text-gray-700 border border-sapphire file:border-0 file:bg-transparent file:text-sm file:font-medium file:text-foreground"
      role="textbox"
      type="password"
    />
    <button
      class="rounded focus:outline-none inline-flex items-center justify-center gap-2 transition-colors duration-300 cursor-pointer font-medium text-md hover:bg-accent hover:text-accent-foreground p-2 text-base absolute right-1"
      type="button"
    >
      <svg
        aria-hidden="true"
        class="lucide lucide-eye text-sapphire dark:text-sapphire-50"
        fill="none"
        height="18"
        stroke="currentColor"
        stroke-linecap="round"
        stroke-linejoin="round"
        stroke-width="2"
        viewBox="0 0 24 24"
        width="18"
        xmlns="http://www.w3.org/2000/svg"
      >
        <path
          d="M2.062 12.348a1 1 0 0 1 0-.696 10.75 10.75 0 0 1 19.876 0 1 1 0 0 1 0 .696 10.75 10.75 0 0 1-19.876 0"
        />
        <circle
          cx="12"
          cy="12"
          r="3"
        />
      </svg>
    </button>
  </div>
</DocumentFragment>
`;
